// Jest Snapshot v1, https://goo.gl/fbAQLP

exports[`app [integration] can record and playback a clip: 1 initial 1`] = `
<DocumentFragment>
  <div
    class="w-screen h-screen flex flex-row"
  >
    <div
      class="fixed left-1/2 bottom-0 flex flex-col-reverse"
    />
    <ul
      class="w-72 border-r-purple-900 border-r-2 h-full divide-y divide-purple-200 overflow-y-auto"
      role="tablist"
    >
      <li
        aria-selected="true"
        class="hover:bg-purple-100 cursor-pointer text-purple-900 overflow-hidden bg-purple-900 text-white hover:bg-purple-900 cursor-default"
        data-testid="record-item"
        role="tab"
      >
        <h2
          class="p-4 text-m font-bold overflow-ellipsis overflow-hidden flex flex-row justify-center"
        >
          <svg
            class="h-6 w-6"
            fill="none"
            stroke="currentColor"
            viewBox="0 0 24 24"
            xmlns="http://www.w3.org/2000/svg"
          >
            <path
              d="M19 11a7 7 0 01-7 7m0 0a7 7 0 01-7-7m7 7v4m0 0H8m4 0h4m-4-8a3 3 0 01-3-3V5a3 3 0 116 0v6a3 3 0 01-3 3z"
              stroke-linecap="round"
              stroke-linejoin="round"
              stroke-width="2"
            />
          </svg>
           Record New Clip
        </h2>
      </li>
      <div
        class="text-center text-gray-500 italic p-2"
        data-testid="cliplist-placeholder"
      >
        Your clips will appear here.
      </div>
    </ul>
    <div
      class="flex flex-col flex-grow"
    >
      <div
        class="flex-grow relative overflow-hidden"
      >
        <canvas
          class="absolute w-full h-full"
          data-testid="current-clip-view"
          height="492"
          style="width: 512px; height: 492px; transform: scale(1); transform-origin: left top;"
          width="512"
        />
        <div
          class="absolute w-[1px] bg-blue-400 h-full"
          data-testid="current-clip-cursor"
          style="left: 100%;"
        />
      </div>
      <div
        class="flex flex-row mb-4"
      >
        <div
          class="flex-grow"
        />
        <button
          class="p-4 rounded-md m-auto text-lg flex border-2 bg-purple-900 text-white hover:bg-purple-800"
          data-testid="toggle-record"
        >
          <svg
            class="h-6 w-6"
            fill="none"
            stroke="currentColor"
            viewBox="0 0 24 24"
            xmlns="http://www.w3.org/2000/svg"
          >
            <path
              d="M19 11a7 7 0 01-7 7m0 0a7 7 0 01-7-7m7 7v4m0 0H8m4 0h4m-4-8a3 3 0 01-3-3V5a3 3 0 116 0v6a3 3 0 01-3 3z"
              stroke-linecap="round"
              stroke-linejoin="round"
              stroke-width="2"
            />
          </svg>
          <span
            class="w-2"
          />
          Start Recording
        </button>
        <div
          class="flex-grow"
        />
      </div>
    </div>
  </div>
</DocumentFragment>
`;

exports[`app [integration] can record and playback a clip: 1 recording 1`] = `
"Snapshot Diff:
- First value
+ Second value

@@ -66,31 +66,37 @@
        >
          <div
            class=\\"flex-grow\\"
          />
          <button
-           class=\\"p-4 rounded-md m-auto text-lg flex border-2 bg-purple-900 text-white hover:bg-purple-800\\"
+           class=\\"p-4 rounded-md m-auto text-lg flex border-2 bg-white border-purple-900 text-purple-900 hover:bg-purple-100\\"
            data-testid=\\"toggle-record\\"
          >
            <svg
              class=\\"h-6 w-6\\"
              fill=\\"none\\"
              stroke=\\"currentColor\\"
              viewBox=\\"0 0 24 24\\"
              xmlns=\\"http://www.w3.org/2000/svg\\"
            >
              <path
-               d=\\"M19 11a7 7 0 01-7 7m0 0a7 7 0 01-7-7m7 7v4m0 0H8m4 0h4m-4-8a3 3 0 01-3-3V5a3 3 0 116 0v6a3 3 0 01-3 3z\\"
+               d=\\"M21 12a9 9 0 11-18 0 9 9 0 0118 0z\\"
+               stroke-linecap=\\"round\\"
+               stroke-linejoin=\\"round\\"
+               stroke-width=\\"2\\"
+             />
+             <path
+               d=\\"M9 10a1 1 0 011-1h4a1 1 0 011 1v4a1 1 0 01-1 1h-4a1 1 0 01-1-1v-4z\\"
                stroke-linecap=\\"round\\"
                stroke-linejoin=\\"round\\"
                stroke-width=\\"2\\"
              />
            </svg>
            <span
              class=\\"w-2\\"
            />
-           Start Recording
+           Complete Recording
          </button>
          <div
            class=\\"flex-grow\\"
          />
        </div>"
`;

exports[`app [integration] can record and playback a clip: 2 done recording 1`] = `
"Snapshot Diff:
- First value
+ Second value

@@ -8,12 +8,12 @@
      <ul
        class=\\"w-72 border-r-purple-900 border-r-2 h-full divide-y divide-purple-200 overflow-y-auto\\"
        role=\\"tablist\\"
      >
        <li
-         aria-selected=\\"true\\"
-         class=\\"hover:bg-purple-100 cursor-pointer text-purple-900 overflow-hidden bg-purple-900 text-white hover:bg-purple-900 cursor-default\\"
+         aria-selected=\\"false\\"
+         class=\\"hover:bg-purple-100 cursor-pointer text-purple-900 overflow-hidden\\"
          data-testid=\\"record-item\\"
          role=\\"tab\\"
        >
          <h2
            class=\\"p-4 text-m font-bold overflow-ellipsis overflow-hidden flex flex-row justify-center\\"
@@ -33,73 +33,127 @@
              />
            </svg>
             Record New Clip
          </h2>
        </li>
+       <li
+         aria-selected=\\"true\\"
+         class=\\"p-2 hover:bg-purple-100 cursor-pointer text-purple-900 overflow-hidden bg-purple-900 text-white hover:bg-purple-900 cursor-default\\"
+         data-testid=\\"clip-1\\"
+         role=\\"tab\\"
+       >
+         <h2
+           class=\\"text-m font-bold overflow-ellipsis overflow-hidden\\"
+           title=\\"New clip name\\"
+         >
+           New clip name
+         </h2>
          <div
-         class=\\"text-center text-gray-500 italic p-2\\"
-         data-testid=\\"cliplist-placeholder\\"
+           class=\\"flex flex-row\\"
          >
-         Your clips will appear here.
+           <div
+             class=\\"text-xs font-light\\"
+           >
+             Mocked Date at Mocked Date
+           </div>
          </div>
+       </li>
      </ul>
      <div
        class=\\"flex flex-col flex-grow\\"
+     >
+       <div
+         class=\\"flex flex-row\\"
+       >
+         <input
+           class=\\"self-center p-2 m-2 text-m font-bold overflow-ellipses overflow-hidden border-2 border-purple-200 rounded-md focus:border-purple-900 outline-purple-900 text-purple-900 flex-grow transition-all\\"
+           data-testid=\\"current-clip-name\\"
+           value=\\"New clip name\\"
+         />
+         <button
+           class=\\"p-2 m-2 ml-0 text-purple-900 cursor-pointer border-2 border-transparent hover:border-red-900 rounded-full hover:bg-red-100 hover:text-red-900\\"
+           data-testid=\\"current-clip-delete\\"
+           title=\\"Delete this clip\\"
+         >
+           <svg
+             class=\\"h-6 w-6\\"
+             fill=\\"none\\"
+             stroke=\\"currentColor\\"
+             stroke-width=\\"2\\"
+             viewBox=\\"0 0 24 24\\"
+             xmlns=\\"http://www.w3.org/2000/svg\\"
            >
+             <path
+               d=\\"M19 7l-.867 12.142A2 2 0 0116.138 21H7.862a2 2 0 01-1.995-1.858L5 7m5 4v6m4-6v6m1-10V4a1 1 0 00-1-1h-4a1 1 0 00-1 1v3M4 7h16\\"
+               stroke-linecap=\\"round\\"
+               stroke-linejoin=\\"round\\"
+             />
+           </svg>
+         </button>
+       </div>
        <div
          class=\\"flex-grow relative overflow-hidden\\"
        >
          <canvas
            class=\\"absolute w-full h-full\\"
            data-testid=\\"current-clip-view\\"
-           height=\\"492\\"
-           style=\\"width: 512px; height: 492px; transform: scale(1); transform-origin: left top;\\"
+           height=\\"432\\"
+           style=\\"width: 512px; height: 432px; transform: scale(1); transform-origin: left top;\\"
            width=\\"512\\"
          />
          <div
            class=\\"absolute w-[1px] bg-blue-400 h-full\\"
            data-testid=\\"current-clip-cursor\\"
-           style=\\"left: 100%;\\"
+           style=\\"left: 0%;\\"
          />
        </div>
        <div
          class=\\"flex flex-row mb-4\\"
        >
          <div
+           class=\\"flex self-center font-mono text-purple-900 mx-2 w-20\\"
+           data-testid=\\"current-clip-time\\"
+         >
+           000.00
+         </div>
+         <div
            class=\\"flex-grow\\"
          />
          <button
-           class=\\"p-4 rounded-md m-auto text-lg flex border-2 bg-white border-purple-900 text-purple-900 hover:bg-purple-100\\"
-           data-testid=\\"toggle-record\\"
+           class=\\"p-4 rounded-md m-auto text-lg flex border-2 bg-purple-900 text-white hover:bg-purple-800\\"
+           data-testid=\\"current-clip-toggle-playback\\"
          >
            <svg
              class=\\"h-6 w-6\\"
              fill=\\"none\\"
              stroke=\\"currentColor\\"
              viewBox=\\"0 0 24 24\\"
              xmlns=\\"http://www.w3.org/2000/svg\\"
            >
              <path
-               d=\\"M21 12a9 9 0 11-18 0 9 9 0 0118 0z\\"
+               d=\\"M14.752 11.168l-3.197-2.132A1 1 0 0010 9.87v4.263a1 1 0 001.555.832l3.197-2.132a1 1 0 000-1.664z\\"
                stroke-linecap=\\"round\\"
                stroke-linejoin=\\"round\\"
                stroke-width=\\"2\\"
              />
              <path
-               d=\\"M9 10a1 1 0 011-1h4a1 1 0 011 1v4a1 1 0 01-1 1h-4a1 1 0 01-1-1v-4z\\"
+               d=\\"M21 12a9 9 0 11-18 0 9 9 0 0118 0z\\"
                stroke-linecap=\\"round\\"
                stroke-linejoin=\\"round\\"
                stroke-width=\\"2\\"
              />
            </svg>
            <span
              class=\\"w-2\\"
            />
-           Complete Recording
+           Play
          </button>
          <div
            class=\\"flex-grow\\"
+         />
+         <div
+           class=\\"w-20 mx-2\\"
          />
        </div>
      </div>
    </div>
  </DocumentFragment>"
`;

exports[`app [integration] can record and playback a clip: 3 delta from initial 1`] = `
"Snapshot Diff:
- First value
+ Second value

@@ -33,16 +33,32 @@
              />
            </svg>
             Record New Clip
          </h2>
        </li>
+       <li
+         aria-selected=\\"false\\"
+         class=\\"p-2 hover:bg-purple-100 cursor-pointer text-purple-900 overflow-hidden\\"
+         data-testid=\\"clip-1\\"
+         role=\\"tab\\"
+       >
+         <h2
+           class=\\"text-m font-bold overflow-ellipsis overflow-hidden\\"
+           title=\\"New clip name\\"
+         >
+           New clip name
+         </h2>
          <div
-         class=\\"text-center text-gray-500 italic p-2\\"
-         data-testid=\\"cliplist-placeholder\\"
+           class=\\"flex flex-row\\"
          >
-         Your clips will appear here.
+           <div
+             class=\\"text-xs font-light\\"
+           >
+             Mocked Date at Mocked Date
+           </div>
          </div>
+       </li>
      </ul>
      <div
        class=\\"flex flex-col flex-grow\\"
      >
        <div"
`;
